// Jest Snapshot v1, https://goo.gl/fbAQLP

exports[`AdminInbox.vue AdminInbox Snapshot 1`] = `
<div
  data-v-app=""
>
  
  <artist-inbox-stub />
  <!--v-if-->
  
</div>
`;
