// Jest Snapshot v1, https://goo.gl/fbAQLP

exports[`AdminProfile.vue AdminProfile Snapshot 1`] = `
<div
  data-v-app=""
>
  
  <artist-dashboard-stub />
  <!--v-if-->
  
</div>
`;
