// Jest Snapshot v1, https://goo.gl/fbAQLP

exports[`AdminProjects.vue AdminProjects Snapshot 1`] = `
<div
  data-v-app=""
>
  
  <artist-projects-stub />
  <!--v-if-->
  
</div>
`;
