// Jest Snapshot v1, https://goo.gl/fbAQLP

exports[`AppFooter.vue AppFooter Snapshot 1`] = `
<footer
  class="container"
>
  <div
    class="row"
  >
    <div
      class="col-12"
    >
      <div
        class="footer-copyright"
      >
        <p
          class="copyright"
        >
          <span
            data-test="copyright"
          >
             Â© Copyright 2021 - 
            <a
              href="https://alisonvandromme.com"
              rel="noopener"
              target="_blank"
            >
              Alison Vandromme
            </a>
             - All rights reserved 
          </span>
        </p>
      </div>
    </div>
  </div>
</footer>
`;
