// Jest Snapshot v1, https://goo.gl/fbAQLP

exports[`ArtistInbox.vue ArtistInbox Snapshot 1`] = `
<div
  class="row artist-inbox"
>
  
  
</div>
`;
