// Jest Snapshot v1, https://goo.gl/fbAQLP

exports[`ArtistList.vue ArtistList Snapshot 1`] = `
<div
  class="row"
>
  
  
</div>
`;
