// Jest Snapshot v1, https://goo.gl/fbAQLP

exports[`ArtistEvents.vue ArtistInbox Snapshot 1`] = `
<div
  class="row artist-events"
/>
`;
