// Jest Snapshot v1, https://goo.gl/fbAQLP

exports[`ArtistItem.vue ArtistItem Snapshot 1`] = `
<div
  class="card artist-card"
>
  <div
    class="card-overlay"
  />
  <div
    class="card-details fade-in-top text-center"
  >
    <h5
      class="card-title"
      data-test="mR9w90C9fMQfVHJWjGo1TrBxPuk1"
    >
      Dirty Jonz
    </h5>
    <p
      class="card-text"
    >
      Le Dernier Rituel
    </p>
    <p
      class="card-text"
    >
      BÃ¨gles (33130)
    </p>
  </div>
  <img
    alt="Dirty Jonz"
    class="card-img-top"
    src="https://via.placeholder.com/150"
  />
  <div
    class="card-body"
  >
    <h5
      class="card-title"
    >
      Dirty Jonz
    </h5>
  </div>
</div>
`;
