// Jest Snapshot v1, https://goo.gl/fbAQLP

exports[`ArtistProjects.vue ArtistProjects Snapshot 1`] = `<!--v-if-->`;
