// Jest Snapshot v1, https://goo.gl/fbAQLP

exports[`Artists.vue Artists Snapshot 1`] = `
<div
  class="container"
>
  <div
    class="row"
  >
    <app-title-stub
      mode="title-img"
    />
  </div>
  <artist-list-stub />
</div>
`;
