// Jest Snapshot v1, https://goo.gl/fbAQLP

exports[`ClientEvents.vue ClientEvents Snapshot 1`] = `
<div
  class="row client-events"
/>
`;
