// Jest Snapshot v1, https://goo.gl/fbAQLP

exports[`ClientDashboard.vue ClientDashboard Snapshot 1`] = `
<div
  class="row"
>
  <app-title-stub />
  <!--v-if-->
  <!--v-if-->
  <div
    class="col-12 col-lg-4 mt-4"
  >
    <div
      class="mt-3"
    >
      <input
        type="file"
      />
      <div
        class="error"
      />
    </div>
    <img
      alt="Profile Image"
      class="img-fluid"
      height="250"
      src=""
      width="250"
    />
    <div
      class="btn-center mt-3 thumbnail-button"
    >
      <app-button
        mode="save-btn"
      >
        Save
      </app-button>
    </div>
    <div
      class="error"
    />
  </div>
  <form
    class="col-12 col-lg-8 mt-4"
  >
    <div
      class="form-floating mb-3"
    >
      <input
        class="form-control"
        placeholder="Public Name"
        type="text"
      />
      <label>
        Public Name
      </label>
    </div>
    <div
      class="form-floating mb-3"
    >
      <input
        class="form-control"
        placeholder="Description "
        type="textarea"
      />
      <label>
        Description
      </label>
    </div>
    <div
      class="input-group"
    >
      <div
        class="form-floating mb-3 col-lg-6"
      >
        <input
          class="form-control"
          placeholder="City"
          type="text"
        />
        <label>
          City
        </label>
      </div>
      <div
        class="form-floating mb-3 col-lg-6"
      >
        <input
          class="form-control"
          placeholder="Zip Code"
          type="text"
        />
        <label>
          Zip Code
        </label>
      </div>
    </div>
    <div>
      <select
        class="form-select"
      >
        <option
          disabled=""
          value=""
        >
          Already tattooed?
        </option>
        <option
          value="yes"
        >
          Yes
        </option>
        <option
          value="no"
        >
          No
        </option>
      </select>
    </div>
    <div
      class="col-12 btn-right mt-3"
    >
      <div
        class="btn-group mb-3"
      >
        <app-button>
          Save
        </app-button>
      </div>
    </div>
  </form>
</div>
`;
