// Jest Snapshot v1, https://goo.gl/fbAQLP

exports[`ClientInbox.vue ClientInbox Snapshot 1`] = `
<div
  class="row client-inbox"
>
  
  
</div>
`;
