// Jest Snapshot v1, https://goo.gl/fbAQLP

exports[`Conventions.vue Conventions Snapshot 1`] = `
<div
  class="row convention-row"
  data-test="conventions"
>
  <app-title-stub />
</div>
`;
