// Jest Snapshot v1, https://goo.gl/fbAQLP

exports[`EventList.vue EventList Snapshot 1`] = `
<div
  class="row artists-list"
>
  
  
</div>
`;
