// Jest Snapshot v1, https://goo.gl/fbAQLP

exports[`EventItem.vue EventItem Snapshot 1`] = `
<div
  class="card event-card"
>
  <div
    class="card-overlay"
  />
  <div
    class="card-details fade-in-top text-center"
  >
    <h5
      class="card-title"
      data-test="gTvQIqYFzXCLID4TIU5u"
    >
      Event
    </h5>
    <p
      class="card-text"
    >
      BÃ¨gles (33130)
    </p>
  </div>
  <img
    alt="gTvQIqYFzXCLID4TIU5u"
    class="card-img-top"
    src="https://via.placeholder.com/150"
  />
  <div
    class="card-body"
  >
    <h5
      class="card-title"
    >
      Event
    </h5>
  </div>
</div>
`;
