// Jest Snapshot v1, https://goo.gl/fbAQLP

exports[`Home.vue HomePage Snapshot 1`] = `
<div
  class="container"
>
  <home-geoloc-stub />
  <home-categories-stub />
</div>
`;
