// Jest Snapshot v1, https://goo.gl/fbAQLP

exports[`Login.vue Loginpage Snapshot 1`] = `
<div
  class="container col-6 home"
>
  <div>
    <login-form-stub />
  </div>
</div>
`;
