// Jest Snapshot v1, https://goo.gl/fbAQLP

exports[`ManageArtists.vue ManageArtists Snapshot 1`] = `
<div
  class="row"
>
  
  
</div>
`;
