// Jest Snapshot v1, https://goo.gl/fbAQLP

exports[`Participation.vue ParticipationPage Snapshot 1`] = `
<div
  class="container col-6 home"
>
  <div>
    <participation-form-stub
      id="1"
    />
  </div>
</div>
`;
