// Jest Snapshot v1, https://goo.gl/fbAQLP

exports[`Categories.vue Categories Snapshot 1`] = `
<div
  class="row mb-4"
>
  <div
    class="col-12 status-description"
  >
    <span
      class="project-bullet project-pending"
    >
      ◉
    </span>
    <span
      class="mx-2"
    >
      Pending
    </span>
    <span
      class="project-bullet project-progress"
    >
      ◉
    </span>
    <span
      class="mx-2"
    >
      In progress
    </span>
    <span
      class="project-bullet project-accepted"
    >
      ◉
    </span>
    <span
      class="mx-2"
    >
      Accepted
    </span>
    <span
      class="project-bullet project-denied"
    >
      ◉
    </span>
    <span
      class="mx-2"
    >
      Denied
    </span>
  </div>
</div>
`;
