// Jest Snapshot v1, https://goo.gl/fbAQLP

exports[`ProjectItem.vue ProjectItem Snapshot 1`] = `
<div
  class="card text-center client-card"
>
  <div
    class="card-header title"
  >
    Title 
    <span
      class="project-bullet project-pending"
    >
      â—‰
    </span>
    <h6
      class="card-subtitle mb-2 text-muted"
    >
       Project sent to Artist
    </h6>
    <!--v-if-->
  </div>
  <p
    class="card-text"
  >
    Description
  </p>
  <div
    class="card-footer text-muted"
  >
    Thu Nov 18 2021 08:27:13 GMT+0100 (Central European Standard Time)
  </div>
</div>
`;
