// Jest Snapshot v1, https://goo.gl/fbAQLP

exports[`RegisterForm.vue RegisterForm Snapshot 1`] = `
<form
  class="auth-form"
>
  <div
    class="row"
  >
    <div
      class="col-12 text-center mb-4"
    >
      <h2
        class="title"
      >
         Glad you join us ! 
      </h2>
    </div>
  </div>
  <div
    class="form-floating mb-3"
  >
    <input
      class="form-control"
      placeholder="Your name"
      required=""
      type="text"
    />
    <label>
      Public Name
    </label>
  </div>
  <div
    class="form-floating mb-3"
  >
    <input
      class="form-control"
      placeholder="name@example.com"
      required=""
      type="email"
    />
    <label>
      Email
    </label>
  </div>
  <div
    class="form-floating mb-3"
  >
    <input
      class="form-control"
      placeholder="Password"
      required=""
      type="password"
    />
    <label>
      Password
    </label>
  </div>
  <div>
    <select
      class="form-select"
      required=""
    >
      <option
        disabled=""
        value=""
      >
        You are...
      </option>
      <option
        value="artist"
      >
        An artist
      </option>
      <option
        value="client"
      >
        A (future) client
      </option>
    </select>
  </div>
  <div
    class="error mb-3 mt-3"
  />
  <div
    class="btn-center"
  >
    <app-button-stub
      mode="signup-btn"
    />
  </div>
  
  
</form>
`;
