// Jest Snapshot v1, https://goo.gl/fbAQLP

exports[`ResetPassword.vue ResetPasswordPage Snapshot 1`] = `
<div
  class="container col-6 home"
>
  <div>
    <reset-form-stub />
  </div>
</div>
`;
